[  4%] Building C object CMakeFiles/json-c.dir/arraylist.c.o
[  4%] Building C object CMakeFiles/json-c.dir/debug.c.o
[  4%] Building C object CMakeFiles/json-c.dir/json_c_version.c.o
[  5%] Building C object CMakeFiles/json-c.dir/json_object.c.o
[  7%] Building C object CMakeFiles/json-c.dir/json_object_iterator.c.o
[  8%] Building C object CMakeFiles/json-c.dir/json_pointer.c.o
[ 10%] Building C object CMakeFiles/json-c.dir/json_tokener.c.o
[ 11%] Building C object CMakeFiles/json-c.dir/json_util.c.o
[ 13%] Building C object CMakeFiles/json-c.dir/json_visit.c.o
[ 14%] Building C object CMakeFiles/json-c.dir/linkhash.c.o
[ 16%] Building C object CMakeFiles/json-c.dir/printbuf.c.o
[ 17%] Building C object CMakeFiles/json-c.dir/random_seed.c.o
[ 19%] Building C object CMakeFiles/json-c.dir/strerror_override.c.o
[ 20%] Linking C static library libjson-c.a
[ 20%] Built target json-c
[ 23%] Building C object tests/CMakeFiles/test2Formatted.dir/test2.c.o
[ 23%] Building C object tests/CMakeFiles/test1.dir/test1.c.o
[ 25%] Building C object tests/CMakeFiles/test2.dir/test2.c.o
[ 26%] Building C object tests/CMakeFiles/test1Formatted.dir/test1.c.o
[ 28%] Building C object tests/CMakeFiles/test2Formatted.dir/parse_flags.c.o
[ 29%] Linking C executable test2
[ 32%] Linking C executable test1
[ 32%] Building C object tests/CMakeFiles/test1Formatted.dir/parse_flags.c.o
[ 34%] Linking C executable test2Formatted
[ 35%] Linking C executable test1Formatted
[ 35%] Built target test1
[ 35%] Built target test2Formatted
[ 35%] Built target test1Formatted
[ 37%] Building C object tests/CMakeFiles/testReplaceExisting.dir/testReplaceExisting.c.o
[ 37%] Built target test2
[ 38%] Building C object tests/CMakeFiles/test_cast.dir/test_cast.c.o
[ 40%] Building C object tests/CMakeFiles/test4.dir/test4.c.o
[ 41%] Building C object tests/CMakeFiles/test_charcase.dir/test_charcase.c.o
[ 43%] Linking C executable test4
[ 44%] Linking C executable test_cast
[ 46%] Linking C executable test_charcase
[ 47%] Linking C executable testReplaceExisting
[ 47%] Built target test4
[ 47%] Built target test_cast
[ 49%] Building C object tests/CMakeFiles/test_deep_copy.dir/test_deep_copy.c.o
[ 50%] Building C object tests/CMakeFiles/test_compare.dir/test_compare.c.o
[ 50%] Built target test_charcase
[ 52%] Building C object tests/CMakeFiles/test_double_serializer.dir/test_double_serializer.c.o
[ 53%] Linking C executable test_compare
[ 53%] Built target testReplaceExisting
[ 55%] Building C object tests/CMakeFiles/test_float.dir/test_float.c.o
[ 56%] Linking C executable test_double_serializer
[ 58%] Linking C executable test_deep_copy
[ 59%] Linking C executable test_float
[ 59%] Built target test_compare
[ 61%] Building C object tests/CMakeFiles/test_int_add.dir/test_int_add.c.o
[ 61%] Built target test_double_serializer
[ 61%] Built target test_deep_copy
[ 62%] Building C object tests/CMakeFiles/test_json_pointer.dir/test_json_pointer.c.o
[ 64%] Building C object tests/CMakeFiles/test_locale.dir/test_locale.c.o
[ 65%] Linking C executable test_int_add
[ 67%] Linking C executable test_locale
[ 67%] Built target test_float
[ 68%] Building C object tests/CMakeFiles/test_null.dir/test_null.c.o
[ 70%] Linking C executable test_null
[ 70%] Built target test_int_add
[ 71%] Building C object tests/CMakeFiles/test_parse.dir/test_parse.c.o
[ 73%] Linking C executable test_json_pointer
[ 73%] Built target test_null
[ 73%] Built target test_locale
[ 74%] Building C object tests/CMakeFiles/test_parse_int64.dir/test_parse_int64.c.o
[ 76%] Linking C executable test_parse
[ 77%] Building C object tests/CMakeFiles/test_printbuf.dir/test_printbuf.c.o
[ 77%] Built target test_json_pointer
[ 79%] Building C object tests/CMakeFiles/test_set_serializer.dir/test_set_serializer.c.o
[ 80%] Linking C executable test_parse_int64
[ 82%] Linking C executable test_set_serializer
[ 83%] Linking C executable test_printbuf
[ 83%] Built target test_parse
[ 85%] Building C object tests/CMakeFiles/test_set_value.dir/test_set_value.c.o
[ 85%] Built target test_parse_int64
[ 86%] Building C object tests/CMakeFiles/test_util_file.dir/test_util_file.c.o
[ 88%] Linking C executable test_set_value
[ 88%] Built target test_set_serializer
[ 89%] Building C object tests/CMakeFiles/test_visit.dir/test_visit.c.o
[ 89%] Built target test_printbuf
[ 91%] Building C object tests/CMakeFiles/test_util_file.dir/__/strerror_override.c.o
[ 92%] Building C object tests/CMakeFiles/test_object_iterator.dir/test_object_iterator.c.o
[ 94%] Linking C executable test_visit
[ 95%] Linking C executable test_object_iterator
[ 97%] Linking C executable test_util_file
[ 97%] Built target test_set_value
[ 98%] Building C object apps/CMakeFiles/json_parse.dir/json_parse.c.o
[ 98%] Built target test_visit
[ 98%] Built target test_util_file
[ 98%] Built target test_object_iterator
[100%] Linking C executable json_parse
[100%] Built target json_parse
